app/api/forecast-stats/route.ts(89,69): error TS2339: Property 'p50' does not exist on type 'ParserError<`Expected identifier at \`${string}, p50\``>'.
app/api/forecast-stats/route.ts(93,70): error TS2339: Property 'p50' does not exist on type 'ParserError<`Expected identifier at \`${string}, p50\``>'.
components/fan-chart.tsx(154,14): error TS2339: Property 'forecastVariants' does not exist on type 'FanChartData'.
components/fan-chart.tsx(154,51): error TS2339: Property 'forecastVariants' does not exist on type 'FanChartData'.
components/fan-chart.tsx(155,26): error TS2339: Property 'forecastVariants' does not exist on type 'FanChartData'.
components/fan-chart.tsx(156,13): error TS18046: 'variant' is of type 'unknown'.
components/fan-chart.tsx(156,44): error TS18046: 'variant' is of type 'unknown'.
components/fan-chart.tsx(157,13): error TS18046: 'variant' is of type 'unknown'.
components/fan-chart.tsx(157,44): error TS18046: 'variant' is of type 'unknown'.
components/fan-chart.tsx(158,13): error TS18046: 'variant' is of type 'unknown'.
components/fan-chart.tsx(158,44): error TS18046: 'variant' is of type 'unknown'.
components/fan-chart.tsx(231,14): error TS2339: Property 'forecastVariants' does not exist on type 'FanChartData'.
components/fan-chart.tsx(231,51): error TS2339: Property 'forecastVariants' does not exist on type 'FanChartData'.
components/fan-chart.tsx(233,43): error TS2339: Property 'forecastVariants' does not exist on type 'FanChartData'.
components/fan-chart.tsx(234,56): error TS2339: Property 'forecastVariants' does not exist on type 'FanChartData'.
components/forecast-map.tsx(558,23): error TS2741: Property 'y_med' is missing in type '{ p50: any; p10: any; p90: any; years: any; }' but required in type 'FanChartData'.
components/forecast-map.tsx(959,13): error TS2353: Object literal may only specify known properties, and 'preserveDrawingBuffer' does not exist in type 'MapOptions'.
components/map-orchestrator.tsx(2077,50): error TS2304: Cannot find name 'Building2'.
instrumentation.ts(11,24): error TS2345: Argument of type '"next-server"' is not assignable to parameter of type 'keyof Plugins'.
lib/publishing/geo-crosswalk.ts(1043,35): error TS2339: Property 'count' does not exist on type '{ tracts: Set<string>; sampleTracts: string[]; }'.
lib/publishing/geo-crosswalk.ts(1058,86): error TS2304: Cannot find name 'tracts'.
scripts/audits/frontend/api/test-geocode.ts(17,19): error TS7006: Parameter 'item' implicitly has an 'any' type.
scripts/audits/frontend/api/test-geocode.ts(17,25): error TS7006: Parameter 'i' implicitly has an 'any' type.
scripts/audits/frontend/api/verify-chain.ts(2,37): error TS2307: Cannot find module '../app/actions/tools' or its corresponding type declarations.
scripts/audits/frontend/api/verify-tools.ts(2,37): error TS2307: Cannot find module '../app/actions/tools' or its corresponding type declarations.
scripts/audits/frontend/db/check-db.ts(2,41): error TS2307: Cannot find module './lib/supabase/server' or its corresponding type declarations.
